Copyright 1986-2022 Xilinx, Inc. All Rights Reserved. Copyright 2022-2025 Advanced Micro Devices, Inc. All Rights Reserved.
---------------------------------------------------------------------------------------------------------------------------------------------
| Tool Version : Vivado v.2025.2 (win64) Build 6299465 Fri Nov 14 19:35:11 GMT 2025
| Date         : Wed Sep 30 12:07:30 2026
| Host         : LAPTOP_Truong running 64-bit major release  (build 9200)
| Command      : report_utilization -hierarchical -file ./build/reproduced_9config_mem1/KSA_WALLACE_utilization.rpt
| Design       : cpu_top
| Device       : xc7z030ffg676-1
| Speed File   : -1
| Design State : Routed
---------------------------------------------------------------------------------------------------------------------------------------------

Utilization Design Information

Table of Contents
-----------------
1. Utilization by Hierarchy

1. Utilization by Hierarchy
---------------------------

+-----------------------------+------------------------+------------+------------+---------+------+-----+--------+--------+------------+
|           Instance          |         Module         | Total LUTs | Logic LUTs | LUTRAMs | SRLs | FFs | RAMB36 | RAMB18 | DSP Blocks |
+-----------------------------+------------------------+------------+------------+---------+------+-----+--------+--------+------------+
| cpu_top                     |                  (top) |       3264 |       3220 |      44 |    0 | 256 |      4 |      0 |          0 |
|   (cpu_top)                 |                  (top) |          0 |          0 |       0 |    0 |   0 |      0 |      0 |          0 |
|   GEN_BRAM.u_core           |          cpu_core_bram |       3264 |       3220 |      44 |    0 | 256 |      4 |      0 |          0 |
|     (GEN_BRAM.u_core)       |          cpu_core_bram |          9 |          9 |       0 |    0 | 117 |      0 |      0 |          0 |
|     alu                     |                alu_32b |       1953 |       1953 |       0 |    0 |   0 |      0 |      0 |          0 |
|       u_mul                 |           mul_unit_32b |       1784 |       1784 |       0 |    0 |   0 |      0 |      0 |          0 |
|         u_mul               |     cpu_multiplier_32b |       1784 |       1784 |       0 |    0 |   0 |      0 |      0 |          0 |
|           GEN_WALLACE.u_mul | wallace_multiplier_32b |       1784 |       1784 |       0 |    0 |   0 |      0 |      0 |          0 |
|       u_adder               |          cpu_adder_32b |        151 |        151 |       0 |    0 |   0 |      0 |      0 |          0 |
|     alu_mux_b               |           mux2_1_32b_0 |         65 |         65 |       0 |    0 |   0 |      0 |      0 |          0 |
|     divider                 |       divider_unit_32b |        228 |        228 |       0 |    0 | 139 |      0 |      0 |          0 |
|     dmem                    |              dmem_bram |         64 |         64 |       0 |    0 |   0 |      2 |      0 |          0 |
|     reg_file                |         reg_file_32x32 |        857 |        813 |      44 |    0 |   0 |      0 |      0 |          0 |
+-----------------------------+------------------------+------------+------------+---------+------+-----+--------+--------+------------+
* Note: The sum of lower-level cells may be larger than their parent cells total, due to cross-hierarchy LUT combining


