0000: 00a00093  addi x1,x0,10
0004: 00300113  addi x2,x0,3
0008: 002081b3  add x3,x1,x2
000c: 40208233  sub x4,x1,x2
0010: 002112b3  sll x5,x2,x2
0014: 00112333  slt x6,x2,x1
0018: 001133b3  sltu x7,x2,x1
001c: 0020c433  xor x8,x1,x2
0020: 0020d4b3  srl x9,x1,x2
0024: 0020e533  or x10,x1,x2
0028: 0020f5b3  and x11,x1,x2
002c: fff00613  addi x12,x0,-1
0030: 40165693  srai x13,x12,1
0034: 02208733  mul x14,x1,x2
0038: 022617b3  mulh x15,x12,x2
003c: 02262833  mulhsu x16,x12,x2
0040: 022638b3  mulhu x17,x12,x2
0044: 0220c933  div x18,x1,x2
0048: 0220d9b3  divu x19,x1,x2
004c: 0220ea33  rem x20,x1,x2
0050: 0220fab3  remu x21,x1,x2
0054: 10000b13  addi x22,x0,256
0058: 003b2023  sw x3,0(x22)
005c: 000b2b83  lw x23,0(x22)
0060: 001b0223  sb x1,4(x22)
0064: 004b0c03  lb x24,4(x22)
0068: 004b4c83  lbu x25,4(x22)
006c: ffe00d13  addi x26,x0,-2
0070: 01ab1323  sh x26,6(x22)
0074: 006b1d83  lh x27,6(x22)
0078: 006b5e03  lhu x28,6(x22)
007c: 00000e93  addi x29,x0,0
0080: 00264463  branch taken
0084: 06300e93  poison x29=99
0088: 001e8e93  addi x29,x29,1
008c: 00c15463  branch taken
0090: 06300e93  poison x29=99
0094: 001e8e93  addi x29,x29,1
0098: 00c16463  branch taken
009c: 06300e93  poison x29=99
00a0: 001e8e93  addi x29,x29,1
00a4: 00267463  branch taken
00a8: 06300e93  poison x29=99
00ac: 001e8e93  addi x29,x29,1
00b0: 00000f13  addi x30,x0,0
00b4: 00108463  beq x1,x1
00b8: 06300f13  poison x30=99
00bc: 001f0f13  addi x30,x30,1
00c0: 00209463  bne x1,x2
00c4: 06300f13  poison x30=99
00c8: 001f0f13  addi x30,x30,1
00cc: 00800fef  jal x31,jal_target
00d0: 06300293  poison x5=99
00d4: 00500293  addi x5,x0,5
00d8: 00000317  auipc x6,0
00dc: 01030313  addi x6,x6,jalr_target-auipc_pc
00e0: 000303e7  jalr x7,0(x6)
00e4: 06300413  poison x8=99
00e8: 00800413  addi x8,x0,8
00ec: 00100073  ebreak
