Copyright 1986-2022 Xilinx, Inc. All Rights Reserved. Copyright 2022-2025 Advanced Micro Devices, Inc. All Rights Reserved.
------------------------------------------------------------------------------------------------------------------------------------------------------------------------------------
| Tool Version : Vivado v.2025.2 (win64) Build 6299465 Fri Nov 14 19:35:11 GMT 2025
| Date         : Wed Sep 30 14:50:09 2026
| Host         : LAPTOP_Truong running 64-bit major release  (build 9200)
| Command      : report_timing_summary -delay_type max -file D:/CPU_FINAL_RV32IM_DualMemory/RV32IM_3x3_AdderMultiplier_DualMemory/build/audit/fmax_fft/CSLA_WALLACE_14.2_timing.rpt
| Design       : cpu_top
| Device       : 7z030-ffg676
| Speed File   : -1  PRODUCTION 1.12 2019-11-22
| Design State : Routed
------------------------------------------------------------------------------------------------------------------------------------------------------------------------------------

Timing Summary Report

------------------------------------------------------------------------------------------------
| Timer Settings
| --------------
------------------------------------------------------------------------------------------------

  Enable Multi Corner Analysis               :  Yes
  Enable Pessimism Removal                   :  Yes
  Pessimism Removal Resolution               :  Nearest Common Node
  Enable Input Delay Default Clock           :  No
  Enable Preset / Clear Arcs                 :  No
  Disable Flight Delays                      :  No
  Ignore I/O Paths                           :  No
  Timing Early Launch at Borrowing Latches   :  No
  Borrow Time for Max Delay Exceptions       :  Yes
  Merge Timing Exceptions                    :  Yes
  Inter-SLR Compensation                     :  Conservative

  Corner  Analyze    Analyze    
  Name    Max Paths  Min Paths  
  ------  ---------  ---------  
  Slow    Yes        Yes        
  Fast    Yes        Yes        


------------------------------------------------------------------------------------------------
| Report Methodology
| ------------------
------------------------------------------------------------------------------------------------

No report available as report_methodology has not been run prior. Run report_methodology on the current design for the summary of methodology violations.



check_timing report

Table of Contents
-----------------
1. checking no_clock (0)
2. checking constant_clock (0)
3. checking pulse_width_clock (0)
4. checking unconstrained_internal_endpoints (0)
5. checking no_input_delay (1)
6. checking no_output_delay (101)
7. checking multiple_clock (0)
8. checking generated_clocks (0)
9. checking loops (0)
10. checking partial_input_delay (0)
11. checking partial_output_delay (0)
12. checking latch_loops (0)

1. checking no_clock (0)
------------------------
 There are 0 register/latch pins with no clock.


2. checking constant_clock (0)
------------------------------
 There are 0 register/latch pins with constant_clock.


3. checking pulse_width_clock (0)
---------------------------------
 There are 0 register/latch pins which need pulse_width check


4. checking unconstrained_internal_endpoints (0)
------------------------------------------------
 There are 0 pins that are not constrained for maximum delay.

 There are 0 pins that are not constrained for maximum delay due to constant clock.


5. checking no_input_delay (1)
------------------------------
 There are 0 input ports with no input delay specified.

 There is 1 input port with no input delay but user has a false path constraint. (MEDIUM)


6. checking no_output_delay (101)
---------------------------------
 There are 101 ports with no output delay specified. (HIGH)

 There are 0 ports with no output delay but user has a false path constraint

 There are 0 ports with no output delay but with a timing clock defined on it or propagating through it


7. checking multiple_clock (0)
------------------------------
 There are 0 register/latch pins with multiple clocks.


8. checking generated_clocks (0)
--------------------------------
 There are 0 generated clocks that are not connected to a clock source.


9. checking loops (0)
---------------------
 There are 0 combinational loops in the design.


10. checking partial_input_delay (0)
------------------------------------
 There are 0 input ports with partial input delay specified.


11. checking partial_output_delay (0)
-------------------------------------
 There are 0 ports with partial output delay specified.


12. checking latch_loops (0)
----------------------------
 There are 0 combinational latch loops in the design through latch input



------------------------------------------------------------------------------------------------
| Design Timing Summary
| ---------------------
------------------------------------------------------------------------------------------------

    WNS(ns)      TNS(ns)  TNS Failing Endpoints  TNS Total Endpoints     WPWS(ns)     TPWS(ns)  TPWS Failing Endpoints  TPWS Total Endpoints  
    -------      -------  ---------------------  -------------------     --------     --------  ----------------------  --------------------  
     -0.363       -2.894                     22                 1214        6.190        0.000                       0                   352  


Timing constraints are not met.


------------------------------------------------------------------------------------------------
| Clock Summary
| -------------
------------------------------------------------------------------------------------------------

Clock    Waveform(ns)       Period(ns)      Frequency(MHz)
-----    ------------       ----------      --------------
sys_clk  {0.000 7.100}      14.200          70.423          


------------------------------------------------------------------------------------------------
| Intra Clock Table
| -----------------
------------------------------------------------------------------------------------------------

Clock             WNS(ns)      TNS(ns)  TNS Failing Endpoints  TNS Total Endpoints     WPWS(ns)     TPWS(ns)  TPWS Failing Endpoints  TPWS Total Endpoints  
-----             -------      -------  ---------------------  -------------------     --------     --------  ----------------------  --------------------  
sys_clk            -0.363       -2.894                     22                 1214        6.190        0.000                       0                   352  


------------------------------------------------------------------------------------------------
| Inter Clock Table
| -----------------
------------------------------------------------------------------------------------------------

From Clock    To Clock          WNS(ns)      TNS(ns)  TNS Failing Endpoints  TNS Total Endpoints  
----------    --------          -------      -------  ---------------------  -------------------  


------------------------------------------------------------------------------------------------
| Other Path Groups Table
| -----------------------
------------------------------------------------------------------------------------------------

Path Group    From Clock    To Clock          WNS(ns)      TNS(ns)  TNS Failing Endpoints  TNS Total Endpoints  
----------    ----------    --------          -------      -------  ---------------------  -------------------  


------------------------------------------------------------------------------------------------
| Timing Details
| --------------
------------------------------------------------------------------------------------------------


---------------------------------------------------------------------------------------------------
From Clock:  sys_clk
  To Clock:  sys_clk

Setup :           22  Failing Endpoints,  Worst Slack       -0.363ns,  Total Violation       -2.894ns
Hold  :           NA  Failing Endpoints,  Worst Slack           NA  ,  Total Violation           NA
PW    :            0  Failing Endpoints,  Worst Slack        6.190ns,  Total Violation        0.000ns
---------------------------------------------------------------------------------------------------


Max Delay Paths
--------------------------------------------------------------------------------------
Slack (VIOLATED) :        -0.363ns  (required time - arrival time)
  Source:                 GEN_BRAM.u_core/ir_reg[21]/C
                            (rising edge-triggered cell FDCE clocked by sys_clk  {rise@0.000ns fall@7.100ns period=14.200ns})
  Destination:            GEN_BRAM.u_core/reg_file/registers_reg_r1_0_31_24_29/RAMB_D1/I
                            (rising edge-triggered cell RAMD32 clocked by sys_clk  {rise@0.000ns fall@7.100ns period=14.200ns})
  Path Group:             sys_clk
  Path Type:              Setup (Max at Slow Process Corner)
  Requirement:            14.200ns  (sys_clk rise@14.200ns - sys_clk rise@0.000ns)
  Data Path Delay:        14.403ns  (logic 3.111ns (21.600%)  route 11.292ns (78.400%))
  Logic Levels:           26  (CARRY4=9 LUT1=1 LUT3=2 LUT5=3 LUT6=10 RAMD32=1)
  Clock Path Skew:        0.034ns (DCD - SCD + CPR)
    Destination Clock Delay (DCD):    4.242ns = ( 18.442 - 14.200 ) 
    Source Clock Delay      (SCD):    4.465ns
    Clock Pessimism Removal (CPR):    0.256ns
  Clock Uncertainty:      0.035ns  ((TSJ^2 + TIJ^2)^1/2 + DJ) / 2 + PE
    Total System Jitter     (TSJ):    0.071ns
    Total Input Jitter      (TIJ):    0.000ns
    Discrete Jitter          (DJ):    0.000ns
    Phase Error              (PE):    0.000ns

    Location             Delay type                Incr(ns)  Path(ns)    Netlist Resource(s)
  -------------------------------------------------------------------    -------------------
                         (clock sys_clk rise edge)    0.000     0.000 r  
    AD23                                              0.000     0.000 r  clk (IN)
                         net (fo=0)                   0.000     0.000    clk
    AD23                 IBUF (Prop_ibuf_I_O)         0.873     0.873 r  clk_IBUF_inst/O
                         net (fo=1, routed)           1.830     2.703    clk_IBUF
    BUFGCTRL_X0Y0        BUFG (Prop_bufg_I_O)         0.120     2.823 r  clk_IBUF_BUFG_inst/O
                         net (fo=351, routed)         1.642     4.465    GEN_BRAM.u_core/clk_IBUF_BUFG
    SLICE_X17Y28         FDCE                                         r  GEN_BRAM.u_core/ir_reg[21]/C
  -------------------------------------------------------------------    -------------------
    SLICE_X17Y28         FDCE (Prop_fdce_C_Q)         0.269     4.734 r  GEN_BRAM.u_core/ir_reg[21]/Q
                         net (fo=68, routed)          0.682     5.416    GEN_BRAM.u_core/reg_file/registers_reg_r2_0_31_6_11/ADDRB1
    SLICE_X14Y27         RAMD32 (Prop_ramd32_RADR1_O)
                                                      0.068     5.484 f  GEN_BRAM.u_core/reg_file/registers_reg_r2_0_31_6_11/RAMB/O
                         net (fo=8, routed)           0.574     6.058    GEN_BRAM.u_core/reg_file/dataR20[8]
    SLICE_X14Y26         LUT6 (Prop_lut6_I0_O)        0.172     6.230 f  GEN_BRAM.u_core/reg_file/u_mul_i_62/O
                         net (fo=3, routed)           0.672     6.902    GEN_BRAM.u_core/alu_mux_b/dataR2[3]
    SLICE_X12Y28         LUT6 (Prop_lut6_I4_O)        0.053     6.955 r  GEN_BRAM.u_core/alu_mux_b/u_mul_i_24/O
                         net (fo=14, routed)          0.000     6.955    GEN_BRAM.u_core/alu/u_mul/u_mul/GEN_WALLACE.u_mul/result[8]_INST_0_i_208_n_0
    SLICE_X12Y28         CARRY4 (Prop_carry4_S[3]_CO[3])
                                                      0.216     7.171 r  GEN_BRAM.u_core/alu/u_mul/u_mul/GEN_WALLACE.u_mul/result[8]_INST_0_i_118/CO[3]
                         net (fo=1, routed)           0.000     7.171    GEN_BRAM.u_core/alu/u_mul/u_mul/GEN_WALLACE.u_mul/result[8]_INST_0_i_118_n_0
    SLICE_X12Y29         CARRY4 (Prop_carry4_CI_CO[3])
                                                      0.060     7.231 r  GEN_BRAM.u_core/alu/u_mul/u_mul/GEN_WALLACE.u_mul/result[16]_INST_0_i_160/CO[3]
                         net (fo=1, routed)           0.000     7.231    GEN_BRAM.u_core/alu/u_mul/u_mul/GEN_WALLACE.u_mul/result[16]_INST_0_i_160_n_0
    SLICE_X12Y30         CARRY4 (Prop_carry4_CI_O[1])
                                                      0.212     7.443 r  GEN_BRAM.u_core/alu/u_mul/u_mul/GEN_WALLACE.u_mul/result[20]_INST_0_i_130/O[1]
                         net (fo=6, routed)           0.497     7.940    GEN_BRAM.u_core/alu/u_mul/u_mul/GEN_WALLACE.u_mul/mag_b0[14]
    SLICE_X14Y31         LUT6 (Prop_lut6_I5_O)        0.155     8.095 r  GEN_BRAM.u_core/alu/u_mul/u_mul/GEN_WALLACE.u_mul/result[20]_INST_0_i_129/O
                         net (fo=66, routed)          1.266     9.360    GEN_BRAM.u_core/alu/u_mul/u_mul/GEN_WALLACE.u_mul/mag_b[14]
    SLICE_X22Y43         LUT6 (Prop_lut6_I3_O)        0.053     9.413 r  GEN_BRAM.u_core/alu/u_mul/u_mul/GEN_WALLACE.u_mul/result[16]_INST_0_i_283/O
                         net (fo=3, routed)           0.639    10.052    GEN_BRAM.u_core/alu/u_mul/u_mul/GEN_WALLACE.u_mul/l1[9]_35[40]
    SLICE_X23Y46         LUT3 (Prop_lut3_I0_O)        0.053    10.105 r  GEN_BRAM.u_core/alu/u_mul/u_mul/GEN_WALLACE.u_mul/result[16]_INST_0_i_263/O
                         net (fo=3, routed)           0.608    10.713    GEN_BRAM.u_core/alu/u_mul/u_mul/GEN_WALLACE.u_mul/l2[7]_53[41]
    SLICE_X24Y48         LUT5 (Prop_lut5_I3_O)        0.053    10.766 r  GEN_BRAM.u_core/alu/u_mul/u_mul/GEN_WALLACE.u_mul/result[16]_INST_0_i_219/O
                         net (fo=3, routed)           0.576    11.341    GEN_BRAM.u_core/alu/u_mul/u_mul/GEN_WALLACE.u_mul/l3[4]_6[41]
    SLICE_X23Y47         LUT5 (Prop_lut5_I4_O)        0.053    11.394 r  GEN_BRAM.u_core/alu/u_mul/u_mul/GEN_WALLACE.u_mul/result[16]_INST_0_i_132/O
                         net (fo=3, routed)           1.012    12.406    GEN_BRAM.u_core/alu/u_mul/u_mul/GEN_WALLACE.u_mul/l4[3]_13[42]
    SLICE_X27Y39         LUT6 (Prop_lut6_I5_O)        0.053    12.459 r  GEN_BRAM.u_core/alu/u_mul/u_mul/GEN_WALLACE.u_mul/result[16]_INST_0_i_125/O
                         net (fo=2, routed)           0.454    12.914    GEN_BRAM.u_core/alu/u_mul/u_mul/GEN_WALLACE.u_mul/l6[2]_19[43]
    SLICE_X27Y39         LUT6 (Prop_lut6_I2_O)        0.053    12.967 r  GEN_BRAM.u_core/alu/u_mul/u_mul/GEN_WALLACE.u_mul/result[16]_INST_0_i_64/O
                         net (fo=3, routed)           0.689    13.656    GEN_BRAM.u_core/alu/u_mul/u_mul/GEN_WALLACE.u_mul/l7[1]_25[44]
    SLICE_X26Y36         LUT3 (Prop_lut3_I0_O)        0.053    13.709 r  GEN_BRAM.u_core/alu/u_mul/u_mul/GEN_WALLACE.u_mul/result[12]_INST_0_i_12/O
                         net (fo=1, routed)           0.381    14.090    GEN_BRAM.u_core/alu/u_mul/u_mul/GEN_WALLACE.u_mul/final_a[44]
    SLICE_X25Y35         CARRY4 (Prop_carry4_DI[3]_CO[3])
                                                      0.230    14.320 r  GEN_BRAM.u_core/alu/u_mul/u_mul/GEN_WALLACE.u_mul/result[12]_INST_0_i_2/CO[3]
                         net (fo=1, routed)           0.000    14.320    GEN_BRAM.u_core/alu/u_mul/u_mul/GEN_WALLACE.u_mul/result[12]_INST_0_i_2_n_0
    SLICE_X25Y36         CARRY4 (Prop_carry4_CI_CO[3])
                                                      0.058    14.378 r  GEN_BRAM.u_core/alu/u_mul/u_mul/GEN_WALLACE.u_mul/result[16]_INST_0_i_2/CO[3]
                         net (fo=1, routed)           0.000    14.378    GEN_BRAM.u_core/alu/u_mul/u_mul/GEN_WALLACE.u_mul/result[16]_INST_0_i_2_n_0
    SLICE_X25Y37         CARRY4 (Prop_carry4_CI_CO[3])
                                                      0.058    14.436 r  GEN_BRAM.u_core/alu/u_mul/u_mul/GEN_WALLACE.u_mul/result[20]_INST_0_i_2/CO[3]
                         net (fo=1, routed)           0.000    14.436    GEN_BRAM.u_core/alu/u_mul/u_mul/GEN_WALLACE.u_mul/result[20]_INST_0_i_2_n_0
    SLICE_X25Y38         CARRY4 (Prop_carry4_CI_O[1])
                                                      0.213    14.649 f  GEN_BRAM.u_core/alu/u_mul/u_mul/GEN_WALLACE.u_mul/result[24]_INST_0_i_2/O[1]
                         net (fo=2, routed)           0.551    15.200    GEN_BRAM.u_core/alu/u_mul/u_mul/GEN_WALLACE.u_mul/unsigned_product[54]
    SLICE_X24Y37         LUT1 (Prop_lut1_I0_O)        0.152    15.352 r  GEN_BRAM.u_core/alu/u_mul/u_mul/GEN_WALLACE.u_mul/result[24]_INST_0_i_22/O
                         net (fo=1, routed)           0.000    15.352    GEN_BRAM.u_core/alu/u_mul/u_mul/GEN_WALLACE.u_mul/p_0_in[54]
    SLICE_X24Y37         CARRY4 (Prop_carry4_S[1]_CO[3])
                                                      0.324    15.676 r  GEN_BRAM.u_core/alu/u_mul/u_mul/GEN_WALLACE.u_mul/result[24]_INST_0_i_3/CO[3]
                         net (fo=1, routed)           0.000    15.676    GEN_BRAM.u_core/alu/u_mul/u_mul/GEN_WALLACE.u_mul/result[24]_INST_0_i_3_n_0
    SLICE_X24Y38         CARRY4 (Prop_carry4_CI_O[2])
                                                      0.136    15.812 r  GEN_BRAM.u_core/alu/u_mul/u_mul/GEN_WALLACE.u_mul/result[28]_INST_0_i_3/O[2]
                         net (fo=1, routed)           0.372    16.184    GEN_BRAM.u_core/alu/u_mul/u_mul/GEN_WALLACE.u_mul/signed_product0[59]
    SLICE_X27Y37         LUT5 (Prop_lut5_I4_O)        0.152    16.336 r  GEN_BRAM.u_core/alu/u_mul/u_mul/GEN_WALLACE.u_mul/result[27]_INST_0/O
                         net (fo=1, routed)           0.705    17.041    GEN_BRAM.u_core/reg_file/result[23]
    SLICE_X10Y37         LUT6 (Prop_lut6_I2_O)        0.053    17.094 r  GEN_BRAM.u_core/reg_file/debug_alu_out_OBUF[27]_inst_i_4/O
                         net (fo=1, routed)           0.341    17.435    GEN_BRAM.u_core/reg_file/debug_alu_out_OBUF[27]_inst_i_4_n_0
    SLICE_X8Y36          LUT6 (Prop_lut6_I5_O)        0.053    17.488 r  GEN_BRAM.u_core/reg_file/debug_alu_out_OBUF[27]_inst_i_1/O
                         net (fo=3, routed)           0.547    18.035    GEN_BRAM.u_core/wb_mux/debug_alu_out_OBUF[19]
    SLICE_X8Y29          LUT6 (Prop_lut6_I0_O)        0.053    18.088 r  GEN_BRAM.u_core/wb_mux/registers_reg_r1_0_31_24_29_i_12/O
                         net (fo=1, routed)           0.362    18.451    GEN_BRAM.u_core/divider/wb_exec[27]
    SLICE_X7Y29          LUT6 (Prop_lut6_I5_O)        0.053    18.504 r  GEN_BRAM.u_core/divider/registers_reg_r1_0_31_24_29_i_3/O
                         net (fo=2, routed)           0.364    18.868    GEN_BRAM.u_core/reg_file/registers_reg_r1_0_31_24_29/DIB1
    SLICE_X6Y28          RAMD32                                       r  GEN_BRAM.u_core/reg_file/registers_reg_r1_0_31_24_29/RAMB_D1/I
  -------------------------------------------------------------------    -------------------

                         (clock sys_clk rise edge)   14.200    14.200 r  
    AD23                                              0.000    14.200 r  clk (IN)
                         net (fo=0)                   0.000    14.200    clk
    AD23                 IBUF (Prop_ibuf_I_O)         0.796    14.996 r  clk_IBUF_inst/O
                         net (fo=1, routed)           1.741    16.737    clk_IBUF
    BUFGCTRL_X0Y0        BUFG (Prop_bufg_I_O)         0.113    16.850 r  clk_IBUF_BUFG_inst/O
                         net (fo=351, routed)         1.592    18.442    GEN_BRAM.u_core/reg_file/registers_reg_r1_0_31_24_29/WCLK
    SLICE_X6Y28          RAMD32                                       r  GEN_BRAM.u_core/reg_file/registers_reg_r1_0_31_24_29/RAMB_D1/CLK
                         clock pessimism              0.256    18.699    
                         clock uncertainty           -0.035    18.663    
    SLICE_X6Y28          RAMD32 (Setup_ramd32_CLK_I)
                                                     -0.159    18.504    GEN_BRAM.u_core/reg_file/registers_reg_r1_0_31_24_29/RAMB_D1
  -------------------------------------------------------------------
                         required time                         18.504    
                         arrival time                         -18.868    
  -------------------------------------------------------------------
                         slack                                 -0.363    





Pulse Width Checks
--------------------------------------------------------------------------------------
Clock Name:         sys_clk
Waveform(ns):       { 0.000 7.100 }
Period(ns):         14.200
Sources:            { clk }

Check Type        Corner  Lib Pin             Reference Pin  Required(ns)  Actual(ns)  Slack(ns)  Location      Pin
Min Period        n/a     RAMB36E1/CLKARDCLK  n/a            2.495         14.200      11.705     RAMB36_X1Y4   GEN_BRAM.u_core/dmem/mem_reg_0/CLKARDCLK
Low Pulse Width   Slow    RAMD32/CLK          n/a            0.910         7.100       6.190      SLICE_X12Y26  GEN_BRAM.u_core/reg_file/registers_reg_r1_0_31_0_5/RAMA/CLK
High Pulse Width  Slow    RAMD32/CLK          n/a            0.910         7.100       6.190      SLICE_X12Y26  GEN_BRAM.u_core/reg_file/registers_reg_r1_0_31_0_5/RAMA/CLK



