Copyright 1986-2022 Xilinx, Inc. All Rights Reserved. Copyright 2022-2025 Advanced Micro Devices, Inc. All Rights Reserved.
------------------------------------------------------------------------------------------------------------------------------------------------------------------------------------
| Tool Version : Vivado v.2025.2 (win64) Build 6299465 Fri Nov 14 19:35:11 GMT 2025
| Date         : Wed Sep 30 14:47:48 2026
| Host         : LAPTOP_Truong running 64-bit major release  (build 9200)
| Command      : report_timing_summary -delay_type max -file D:/CPU_FINAL_RV32IM_DualMemory/RV32IM_3x3_AdderMultiplier_DualMemory/build/audit/fmax_fft/CSLA_WALLACE_14.3_timing.rpt
| Design       : cpu_top
| Device       : 7z030-ffg676
| Speed File   : -1  PRODUCTION 1.12 2019-11-22
| Design State : Routed
------------------------------------------------------------------------------------------------------------------------------------------------------------------------------------

Timing Summary Report

------------------------------------------------------------------------------------------------
| Timer Settings
| --------------
------------------------------------------------------------------------------------------------

  Enable Multi Corner Analysis               :  Yes
  Enable Pessimism Removal                   :  Yes
  Pessimism Removal Resolution               :  Nearest Common Node
  Enable Input Delay Default Clock           :  No
  Enable Preset / Clear Arcs                 :  No
  Disable Flight Delays                      :  No
  Ignore I/O Paths                           :  No
  Timing Early Launch at Borrowing Latches   :  No
  Borrow Time for Max Delay Exceptions       :  Yes
  Merge Timing Exceptions                    :  Yes
  Inter-SLR Compensation                     :  Conservative

  Corner  Analyze    Analyze    
  Name    Max Paths  Min Paths  
  ------  ---------  ---------  
  Slow    Yes        Yes        
  Fast    Yes        Yes        


------------------------------------------------------------------------------------------------
| Report Methodology
| ------------------
------------------------------------------------------------------------------------------------

No report available as report_methodology has not been run prior. Run report_methodology on the current design for the summary of methodology violations.



check_timing report

Table of Contents
-----------------
1. checking no_clock (0)
2. checking constant_clock (0)
3. checking pulse_width_clock (0)
4. checking unconstrained_internal_endpoints (0)
5. checking no_input_delay (1)
6. checking no_output_delay (101)
7. checking multiple_clock (0)
8. checking generated_clocks (0)
9. checking loops (0)
10. checking partial_input_delay (0)
11. checking partial_output_delay (0)
12. checking latch_loops (0)

1. checking no_clock (0)
------------------------
 There are 0 register/latch pins with no clock.


2. checking constant_clock (0)
------------------------------
 There are 0 register/latch pins with constant_clock.


3. checking pulse_width_clock (0)
---------------------------------
 There are 0 register/latch pins which need pulse_width check


4. checking unconstrained_internal_endpoints (0)
------------------------------------------------
 There are 0 pins that are not constrained for maximum delay.

 There are 0 pins that are not constrained for maximum delay due to constant clock.


5. checking no_input_delay (1)
------------------------------
 There are 0 input ports with no input delay specified.

 There is 1 input port with no input delay but user has a false path constraint. (MEDIUM)


6. checking no_output_delay (101)
---------------------------------
 There are 101 ports with no output delay specified. (HIGH)

 There are 0 ports with no output delay but user has a false path constraint

 There are 0 ports with no output delay but with a timing clock defined on it or propagating through it


7. checking multiple_clock (0)
------------------------------
 There are 0 register/latch pins with multiple clocks.


8. checking generated_clocks (0)
--------------------------------
 There are 0 generated clocks that are not connected to a clock source.


9. checking loops (0)
---------------------
 There are 0 combinational loops in the design.


10. checking partial_input_delay (0)
------------------------------------
 There are 0 input ports with partial input delay specified.


11. checking partial_output_delay (0)
-------------------------------------
 There are 0 ports with partial output delay specified.


12. checking latch_loops (0)
----------------------------
 There are 0 combinational latch loops in the design through latch input



------------------------------------------------------------------------------------------------
| Design Timing Summary
| ---------------------
------------------------------------------------------------------------------------------------

    WNS(ns)      TNS(ns)  TNS Failing Endpoints  TNS Total Endpoints     WPWS(ns)     TPWS(ns)  TPWS Failing Endpoints  TPWS Total Endpoints  
    -------      -------  ---------------------  -------------------     --------     --------  ----------------------  --------------------  
      0.087        0.000                      0                 1214        6.240        0.000                       0                   352  


All user specified timing constraints are met.


------------------------------------------------------------------------------------------------
| Clock Summary
| -------------
------------------------------------------------------------------------------------------------

Clock    Waveform(ns)       Period(ns)      Frequency(MHz)
-----    ------------       ----------      --------------
sys_clk  {0.000 7.150}      14.300          69.930          


------------------------------------------------------------------------------------------------
| Intra Clock Table
| -----------------
------------------------------------------------------------------------------------------------

Clock             WNS(ns)      TNS(ns)  TNS Failing Endpoints  TNS Total Endpoints     WPWS(ns)     TPWS(ns)  TPWS Failing Endpoints  TPWS Total Endpoints  
-----             -------      -------  ---------------------  -------------------     --------     --------  ----------------------  --------------------  
sys_clk             0.087        0.000                      0                 1214        6.240        0.000                       0                   352  


------------------------------------------------------------------------------------------------
| Inter Clock Table
| -----------------
------------------------------------------------------------------------------------------------

From Clock    To Clock          WNS(ns)      TNS(ns)  TNS Failing Endpoints  TNS Total Endpoints  
----------    --------          -------      -------  ---------------------  -------------------  


------------------------------------------------------------------------------------------------
| Other Path Groups Table
| -----------------------
------------------------------------------------------------------------------------------------

Path Group    From Clock    To Clock          WNS(ns)      TNS(ns)  TNS Failing Endpoints  TNS Total Endpoints  
----------    ----------    --------          -------      -------  ---------------------  -------------------  


------------------------------------------------------------------------------------------------
| Timing Details
| --------------
------------------------------------------------------------------------------------------------


---------------------------------------------------------------------------------------------------
From Clock:  sys_clk
  To Clock:  sys_clk

Setup :            0  Failing Endpoints,  Worst Slack        0.087ns,  Total Violation        0.000ns
Hold  :           NA  Failing Endpoints,  Worst Slack           NA  ,  Total Violation           NA
PW    :            0  Failing Endpoints,  Worst Slack        6.240ns,  Total Violation        0.000ns
---------------------------------------------------------------------------------------------------


Max Delay Paths
--------------------------------------------------------------------------------------
Slack (MET) :             0.087ns  (required time - arrival time)
  Source:                 GEN_BRAM.u_core/ir_reg[23]/C
                            (rising edge-triggered cell FDCE clocked by sys_clk  {rise@0.000ns fall@7.150ns period=14.300ns})
  Destination:            GEN_BRAM.u_core/reg_file/registers_reg_r2_0_31_6_11/RAMB_D1/I
                            (rising edge-triggered cell RAMD32 clocked by sys_clk  {rise@0.000ns fall@7.150ns period=14.300ns})
  Path Group:             sys_clk
  Path Type:              Setup (Max at Slow Process Corner)
  Requirement:            14.300ns  (sys_clk rise@14.300ns - sys_clk rise@0.000ns)
  Data Path Delay:        13.998ns  (logic 3.342ns (23.875%)  route 10.656ns (76.125%))
  Logic Levels:           25  (CARRY4=6 LUT1=1 LUT2=1 LUT3=2 LUT4=2 LUT5=2 LUT6=8 MUXF7=2 RAMD32=1)
  Clock Path Skew:        -0.021ns (DCD - SCD + CPR)
    Destination Clock Delay (DCD):    4.187ns = ( 18.487 - 14.300 ) 
    Source Clock Delay      (SCD):    4.471ns
    Clock Pessimism Removal (CPR):    0.262ns
  Clock Uncertainty:      0.035ns  ((TSJ^2 + TIJ^2)^1/2 + DJ) / 2 + PE
    Total System Jitter     (TSJ):    0.071ns
    Total Input Jitter      (TIJ):    0.000ns
    Discrete Jitter          (DJ):    0.000ns
    Phase Error              (PE):    0.000ns

    Location             Delay type                Incr(ns)  Path(ns)    Netlist Resource(s)
  -------------------------------------------------------------------    -------------------
                         (clock sys_clk rise edge)    0.000     0.000 r  
    AD23                                              0.000     0.000 r  clk (IN)
                         net (fo=0)                   0.000     0.000    clk
    AD23                 IBUF (Prop_ibuf_I_O)         0.873     0.873 r  clk_IBUF_inst/O
                         net (fo=1, routed)           1.830     2.703    clk_IBUF
    BUFGCTRL_X0Y0        BUFG (Prop_bufg_I_O)         0.120     2.823 r  clk_IBUF_BUFG_inst/O
                         net (fo=351, routed)         1.648     4.471    GEN_BRAM.u_core/clk_IBUF_BUFG
    SLICE_X23Y36         FDCE                                         r  GEN_BRAM.u_core/ir_reg[23]/C
  -------------------------------------------------------------------    -------------------
    SLICE_X23Y36         FDCE (Prop_fdce_C_Q)         0.269     4.740 r  GEN_BRAM.u_core/ir_reg[23]/Q
                         net (fo=68, routed)          0.848     5.588    GEN_BRAM.u_core/reg_file/registers_reg_r2_0_31_0_5/ADDRA3
    SLICE_X22Y34         RAMD32 (Prop_ramd32_RADR3_O)
                                                      0.065     5.653 f  GEN_BRAM.u_core/reg_file/registers_reg_r2_0_31_0_5/RAMA/O
                         net (fo=11, routed)          0.578     6.231    GEN_BRAM.u_core/alu_mux_b/dataR20[0]
    SLICE_X26Y32         LUT4 (Prop_lut4_I1_O)        0.168     6.399 r  GEN_BRAM.u_core/alu_mux_b/u_mul_i_32/O
                         net (fo=139, routed)         0.441     6.840    GEN_BRAM.u_core/alu/u_mul/u_mul/GEN_WALLACE.u_mul/result[4]_INST_0_i_34_n_0
    SLICE_X27Y33         CARRY4 (Prop_carry4_CYINIT_CO[3])
                                                      0.346     7.186 r  GEN_BRAM.u_core/alu/u_mul/u_mul/GEN_WALLACE.u_mul/result[4]_INST_0_i_24/CO[3]
                         net (fo=1, routed)           0.000     7.186    GEN_BRAM.u_core/alu/u_mul/u_mul/GEN_WALLACE.u_mul/result[4]_INST_0_i_24_n_0
    SLICE_X27Y34         CARRY4 (Prop_carry4_CI_CO[3])
                                                      0.058     7.244 r  GEN_BRAM.u_core/alu/u_mul/u_mul/GEN_WALLACE.u_mul/result[8]_INST_0_i_118/CO[3]
                         net (fo=1, routed)           0.000     7.244    GEN_BRAM.u_core/alu/u_mul/u_mul/GEN_WALLACE.u_mul/result[8]_INST_0_i_118_n_0
    SLICE_X27Y35         CARRY4 (Prop_carry4_CI_O[1])
                                                      0.213     7.457 r  GEN_BRAM.u_core/alu/u_mul/u_mul/GEN_WALLACE.u_mul/result[16]_INST_0_i_160/O[1]
                         net (fo=4, routed)           0.351     7.808    GEN_BRAM.u_core/alu/u_mul/u_mul/GEN_WALLACE.u_mul/mag_b0[10]
    SLICE_X29Y36         LUT6 (Prop_lut6_I5_O)        0.152     7.960 r  GEN_BRAM.u_core/alu/u_mul/u_mul/GEN_WALLACE.u_mul/result[16]_INST_0_i_96/O
                         net (fo=69, routed)          1.259     9.219    GEN_BRAM.u_core/alu/u_mul/u_mul/GEN_WALLACE.u_mul/mag_b[10]
    SLICE_X36Y43         LUT6 (Prop_lut6_I1_O)        0.053     9.272 r  GEN_BRAM.u_core/alu/u_mul/u_mul/GEN_WALLACE.u_mul/result[4]_INST_0_i_142/O
                         net (fo=2, routed)           0.452     9.724    GEN_BRAM.u_core/alu/u_mul/u_mul/GEN_WALLACE.u_mul/l1[6]_32[29]
    SLICE_X37Y43         LUT3 (Prop_lut3_I1_O)        0.053     9.777 r  GEN_BRAM.u_core/alu/u_mul/u_mul/GEN_WALLACE.u_mul/result[4]_INST_0_i_114/O
                         net (fo=2, routed)           0.574    10.352    GEN_BRAM.u_core/alu/u_mul/u_mul/GEN_WALLACE.u_mul/l2[4]_50[29]
    SLICE_X37Y41         LUT5 (Prop_lut5_I3_O)        0.053    10.405 r  GEN_BRAM.u_core/alu/u_mul/u_mul/GEN_WALLACE.u_mul/result[31]_INST_0_i_136/O
                         net (fo=3, routed)           0.921    11.325    GEN_BRAM.u_core/alu/u_mul/u_mul/GEN_WALLACE.u_mul/l3[2]_3[29]
    SLICE_X29Y41         LUT6 (Prop_lut6_I3_O)        0.053    11.378 r  GEN_BRAM.u_core/alu/u_mul/u_mul/GEN_WALLACE.u_mul/result[31]_INST_0_i_65/O
                         net (fo=2, routed)           0.617    11.995    GEN_BRAM.u_core/alu/u_mul/u_mul/GEN_WALLACE.u_mul/result[31]_INST_0_i_65_n_0
    SLICE_X20Y42         LUT6 (Prop_lut6_I0_O)        0.053    12.048 r  GEN_BRAM.u_core/alu/u_mul/u_mul/GEN_WALLACE.u_mul/result[31]_INST_0_i_31/O
                         net (fo=3, routed)           0.429    12.477    GEN_BRAM.u_core/alu/u_mul/u_mul/GEN_WALLACE.u_mul/l6[1]_22[30]
    SLICE_X23Y42         LUT3 (Prop_lut3_I0_O)        0.053    12.530 r  GEN_BRAM.u_core/alu/u_mul/u_mul/GEN_WALLACE.u_mul/result[31]_INST_0_i_28/O
                         net (fo=2, routed)           0.416    12.946    GEN_BRAM.u_core/alu/u_mul/u_mul/GEN_WALLACE.u_mul/l7[0]_24[30]
    SLICE_X21Y41         LUT2 (Prop_lut2_I1_O)        0.053    12.999 r  GEN_BRAM.u_core/alu/u_mul/u_mul/GEN_WALLACE.u_mul/result[31]_INST_0_i_8/O
                         net (fo=1, routed)           0.597    13.597    GEN_BRAM.u_core/alu/u_mul/u_mul/GEN_WALLACE.u_mul/final_a[30]
    SLICE_X19Y40         CARRY4 (Prop_carry4_DI[1]_O[2])
                                                      0.320    13.917 f  GEN_BRAM.u_core/alu/u_mul/u_mul/GEN_WALLACE.u_mul/result[31]_INST_0_i_1/O[2]
                         net (fo=2, routed)           0.477    14.394    GEN_BRAM.u_core/alu/u_mul/u_mul/GEN_WALLACE.u_mul/unsigned_product[31]
    SLICE_X18Y40         LUT1 (Prop_lut1_I0_O)        0.152    14.546 r  GEN_BRAM.u_core/alu/u_mul/u_mul/GEN_WALLACE.u_mul/result[0]_INST_0_i_4/O
                         net (fo=1, routed)           0.000    14.546    GEN_BRAM.u_core/alu/u_mul/u_mul/GEN_WALLACE.u_mul/p_0_in[31]
    SLICE_X18Y40         CARRY4 (Prop_carry4_S[2]_CO[3])
                                                      0.219    14.765 r  GEN_BRAM.u_core/alu/u_mul/u_mul/GEN_WALLACE.u_mul/result[0]_INST_0_i_1/CO[3]
                         net (fo=1, routed)           0.000    14.765    GEN_BRAM.u_core/alu/u_mul/u_mul/GEN_WALLACE.u_mul/result[0]_INST_0_i_1_n_0
    SLICE_X18Y41         CARRY4 (Prop_carry4_CI_O[0])
                                                      0.135    14.900 r  GEN_BRAM.u_core/alu/u_mul/u_mul/GEN_WALLACE.u_mul/result[4]_INST_0_i_3/O[0]
                         net (fo=1, routed)           0.233    15.132    GEN_BRAM.u_core/alu/u_mul/u_mul/GEN_WALLACE.u_mul/signed_product0[33]
    SLICE_X16Y41         LUT5 (Prop_lut5_I4_O)        0.153    15.285 r  GEN_BRAM.u_core/alu/u_mul/u_mul/GEN_WALLACE.u_mul/result[1]_INST_0/O
                         net (fo=1, routed)           0.370    15.655    GEN_BRAM.u_core/reg_file/result[0]
    SLICE_X15Y39         LUT4 (Prop_lut4_I2_O)        0.053    15.708 r  GEN_BRAM.u_core/reg_file/debug_alu_out_OBUF[1]_inst_i_10/O
                         net (fo=3, routed)           0.000    15.708    GEN_BRAM.u_core/reg_file/debug_alu_out_OBUF[1]_inst_i_10_n_0
    SLICE_X15Y39         MUXF7 (Prop_muxf7_I1_O)      0.129    15.837 r  GEN_BRAM.u_core/reg_file/debug_alu_out_OBUF[1]_inst_i_4/O
                         net (fo=2, routed)           0.242    16.079    GEN_BRAM.u_core/alu_mux_b/load_addr_hold_reg[1]_0
    SLICE_X12Y39         LUT6 (Prop_lut6_I5_O)        0.153    16.232 r  GEN_BRAM.u_core/alu_mux_b/debug_alu_out_OBUF[1]_inst_i_1/O
                         net (fo=43, routed)          0.491    16.723    GEN_BRAM.u_core/dmem/D[1]
    SLICE_X14Y38         LUT6 (Prop_lut6_I4_O)        0.053    16.776 r  GEN_BRAM.u_core/dmem/registers_reg_r1_0_31_6_11_i_40/O
                         net (fo=8, routed)           0.592    17.368    GEN_BRAM.u_core/wb_mux/registers_reg_r1_0_31_6_11_i_14_1
    SLICE_X15Y36         LUT6 (Prop_lut6_I3_O)        0.053    17.421 r  GEN_BRAM.u_core/wb_mux/registers_reg_r1_0_31_6_11_i_26/O
                         net (fo=1, routed)           0.000    17.421    GEN_BRAM.u_core/wb_mux/registers_reg_r1_0_31_6_11_i_26_n_0
    SLICE_X15Y36         MUXF7 (Prop_muxf7_I0_O)      0.127    17.548 r  GEN_BRAM.u_core/wb_mux/registers_reg_r1_0_31_6_11_i_12/O
                         net (fo=1, routed)           0.365    17.913    GEN_BRAM.u_core/divider/wb_exec[9]
    SLICE_X21Y36         LUT6 (Prop_lut6_I5_O)        0.153    18.066 r  GEN_BRAM.u_core/divider/registers_reg_r1_0_31_6_11_i_3/O
                         net (fo=2, routed)           0.403    18.469    GEN_BRAM.u_core/reg_file/registers_reg_r2_0_31_6_11/DIB1
    SLICE_X22Y35         RAMD32                                       r  GEN_BRAM.u_core/reg_file/registers_reg_r2_0_31_6_11/RAMB_D1/I
  -------------------------------------------------------------------    -------------------

                         (clock sys_clk rise edge)   14.300    14.300 r  
    AD23                                              0.000    14.300 r  clk (IN)
                         net (fo=0)                   0.000    14.300    clk
    AD23                 IBUF (Prop_ibuf_I_O)         0.796    15.096 r  clk_IBUF_inst/O
                         net (fo=1, routed)           1.741    16.837    clk_IBUF
    BUFGCTRL_X0Y0        BUFG (Prop_bufg_I_O)         0.113    16.950 r  clk_IBUF_BUFG_inst/O
                         net (fo=351, routed)         1.537    18.487    GEN_BRAM.u_core/reg_file/registers_reg_r2_0_31_6_11/WCLK
    SLICE_X22Y35         RAMD32                                       r  GEN_BRAM.u_core/reg_file/registers_reg_r2_0_31_6_11/RAMB_D1/CLK
                         clock pessimism              0.262    18.750    
                         clock uncertainty           -0.035    18.714    
    SLICE_X22Y35         RAMD32 (Setup_ramd32_CLK_I)
                                                     -0.159    18.555    GEN_BRAM.u_core/reg_file/registers_reg_r2_0_31_6_11/RAMB_D1
  -------------------------------------------------------------------
                         required time                         18.555    
                         arrival time                         -18.469    
  -------------------------------------------------------------------
                         slack                                  0.087    





Pulse Width Checks
--------------------------------------------------------------------------------------
Clock Name:         sys_clk
Waveform(ns):       { 0.000 7.150 }
Period(ns):         14.300
Sources:            { clk }

Check Type        Corner  Lib Pin             Reference Pin  Required(ns)  Actual(ns)  Slack(ns)  Location      Pin
Min Period        n/a     RAMB36E1/CLKARDCLK  n/a            2.495         14.300      11.805     RAMB36_X0Y8   GEN_BRAM.u_core/dmem/mem_reg_0/CLKARDCLK
Low Pulse Width   Slow    RAMD32/CLK          n/a            0.910         7.150       6.240      SLICE_X22Y33  GEN_BRAM.u_core/reg_file/registers_reg_r1_0_31_0_5/RAMA/CLK
High Pulse Width  Slow    RAMD32/CLK          n/a            0.910         7.150       6.240      SLICE_X22Y33  GEN_BRAM.u_core/reg_file/registers_reg_r1_0_31_0_5/RAMA/CLK



